gpasm-1.5.2 #1325 (Feb 11 2022)     blink.asm   06/18/22  19:50:25          PAGE  1


LOC    OBJECT CODE    LINE  SOURCE TEXT
  VALUE

                      00001 LIST P=p16f84
                      00002 #include <p16f84.inc>
                      00001         LIST
                      00002 
                      00003 ;==========================================================================
                      00004 ; Build date : Oct 21 2015
                      00005 ;  MPASM PIC16F84 processor include
                      00006 ; 
                      00007 ;  (c) Copyright 1999-2015 Microchip Technology, All rights reserved
                      00008 ;==========================================================================
                      00009 
                      00207         LIST
                      00003 
                      00004 ; PIC16F84A Configuration Bit Settings
                      00005 
                      00006 ; CONFIG
Warning[205]: Found directive in column 1: "__CONFIG"
2007   3FF1           00007 __CONFIG _XT_OSC & _WDT_OFF & _PWRTE_ON &_CP_OFF
                      00008                                 ; Oscillator Selection bits (XT
                      00009                                 ; oscillator) Watchdog Timer (WDT
                      00010                                 ; disabled) Power-up Timer Enable bit
                      00011                                 ; (Power-up Timer is enabled) Code
                      00012                                 ; Protection bit (Code protection
                      00013                                 ; disabled)
                      00014 ;------------------------------------------------------------------------------:
                      00015 ; Variables
  0000000C            00016 DCounter1 EQU 0X0C
  0000000D            00017 DCounter2 EQU 0X0D
  0000000E            00018 DCounter3 EQU 0X0E
                      00019 
                      00020 ;---------------p--------------------------------------------------------------:
                      00021 ; Code
0000                  00022         org     0x00
0000                  00023 MAIN:
0000   1303           00024         bcf     STATUS,6                ; Salir del bank0
0001   1683           00025         bsf     STATUS,5                ; Entrar al bank1
0002   0186           00026         clrf    PORTB           ; Puerta B es salida
0003   30FF           00027         movlw   0xFF            ; Mover al registro W 0xFF
0004   0085           00028         movwf   PORTA           ; Pueta A es entrada
0005   1303           00029         bcf     STATUS,6
0006   1283           00030         bcf     STATUS,5
0007                  00031 LOOP:
0007   0805           00032         movfw   PORTA           ; La entrada se guarda en W
0008   0086           00033         movwf   PORTB           ; Muestro W
0009   1406           00034         bsf     PORTB,0         ; Coloca Pin 0 de PORTB en 1    call    DELAY_200ms
000A   200E           00035         call    DELAY_200ms
Message[1302]: RAM Bank undefined in this chunk of code. Ensure that bank bits are correct. Assuming bank 0 from now on.
000B   1006           00036         bcf     PORTB,0         ; Coloca Pin 0 de PORTB en 0
000C   200E           00037         call    DELAY_200ms
000D   2807           00038         goto    LOOP
                      00039 ;------------------------------------------------------------------------------:
                      00040 ; Subrutine
000E                  00041 DELAY_200ms:
gpasm-1.5.2 #1325 (Feb 11 2022)     blink.asm   06/18/22  19:50:25          PAGE  2


LOC    OBJECT CODE    LINE  SOURCE TEXT
  VALUE

000E   30B9           00042         movlw 0Xb9
000F   008C           00043         movwf DCounter1
0010   3004           00044         movlw 0X04
0011   008D           00045         movwf DCounter2
0012   3002           00046         movlw 0X02
0013   008E           00047         movwf DCounter3
0014                  00048 DECREMENT:
0014   0B8C           00049         decfsz DCounter1, 1
0015   2814           00050         goto DECREMENT
0016   0B8D           00051         decfsz DCounter2, 1
0017   2814           00052         goto DECREMENT
0018   0B8E           00053         decfsz DCounter3, 1
0019   2814           00054         goto DECREMENT
001A   0008           00055         RETURN
                      00056         
                      00057         END
gpasm-1.5.2 #1325 (Feb 11 2022)     blink.asm   06/18/22  19:50:25          PAGE  3


SYMBOL TABLE
  LABEL                              TYPE        VALUE         VALUE          VALUE
                                                 (hex)         (dec)          (text)

C                                 CONSTANT      00000000              0
DC                                CONSTANT      00000001              1
DCounter1                         CONSTANT      0000000C             12
DCounter2                         CONSTANT      0000000D             13
DCounter3                         CONSTANT      0000000E             14
DECREMENT                         ADDRESS       00000014             20
DELAY_200ms                       ADDRESS       0000000E             14
EEADR                             CONSTANT      00000009              9
EECON1                            CONSTANT      00000088            136
EECON2                            CONSTANT      00000089            137
EEDATA                            CONSTANT      00000008              8
EEIE                              CONSTANT      00000006              6
EEIF                              CONSTANT      00000004              4
F                                 CONSTANT      00000001              1
FSR                               CONSTANT      00000004              4
GIE                               CONSTANT      00000007              7
INDF                              CONSTANT      00000000              0
INTCON                            CONSTANT      0000000B             11
INTE                              CONSTANT      00000004              4
INTEDG                            CONSTANT      00000006              6
INTF                              CONSTANT      00000001              1
IRP                               CONSTANT      00000007              7
LOOP                              ADDRESS       00000007              7
MAIN                              ADDRESS       00000000              0
NOT_PD                            CONSTANT      00000003              3
NOT_RBPU                          CONSTANT      00000007              7
NOT_TO                            CONSTANT      00000004              4
OPTION_REG                        CONSTANT      00000081            129
PCL                               CONSTANT      00000002              2
PCLATH                            CONSTANT      0000000A             10
PORTA                             CONSTANT      00000005              5
PORTB                             CONSTANT      00000006              6
PS0                               CONSTANT      00000000              0
PS1                               CONSTANT      00000001              1
PS2                               CONSTANT      00000002              2
PSA                               CONSTANT      00000003              3
RA0                               CONSTANT      00000000              0
RA1                               CONSTANT      00000001              1
RA2                               CONSTANT      00000002              2
RA3                               CONSTANT      00000003              3
RA4                               CONSTANT      00000004              4
RB0                               CONSTANT      00000000              0
RB1                               CONSTANT      00000001              1
RB2                               CONSTANT      00000002              2
RB3                               CONSTANT      00000003              3
RB4                               CONSTANT      00000004              4
RB5                               CONSTANT      00000005              5
RB6                               CONSTANT      00000006              6
RB7                               CONSTANT      00000007              7
RBIE                              CONSTANT      00000003              3
RBIF                              CONSTANT      00000000              0
RD                                CONSTANT      00000000              0
gpasm-1.5.2 #1325 (Feb 11 2022)     blink.asm   06/18/22  19:50:25          PAGE  4


SYMBOL TABLE
  LABEL                              TYPE        VALUE         VALUE          VALUE
                                                 (hex)         (dec)          (text)

RP0                               CONSTANT      00000005              5
RP1                               CONSTANT      00000006              6
STATUS                            CONSTANT      00000003              3
T0CS                              CONSTANT      00000005              5
T0IE                              CONSTANT      00000005              5
T0IF                              CONSTANT      00000002              2
T0SE                              CONSTANT      00000004              4
TMR0                              CONSTANT      00000001              1
TMR0IE                            CONSTANT      00000005              5
TMR0IF                            CONSTANT      00000002              2
TRISA                             CONSTANT      00000085            133
TRISA0                            CONSTANT      00000000              0
TRISA1                            CONSTANT      00000001              1
TRISA2                            CONSTANT      00000002              2
TRISA3                            CONSTANT      00000003              3
TRISA4                            CONSTANT      00000004              4
TRISB                             CONSTANT      00000086            134
TRISB0                            CONSTANT      00000000              0
TRISB1                            CONSTANT      00000001              1
TRISB2                            CONSTANT      00000002              2
TRISB3                            CONSTANT      00000003              3
TRISB4                            CONSTANT      00000004              4
TRISB5                            CONSTANT      00000005              5
TRISB6                            CONSTANT      00000006              6
TRISB7                            CONSTANT      00000007              7
W                                 CONSTANT      00000000              0
WR                                CONSTANT      00000001              1
WREN                              CONSTANT      00000002              2
WRERR                             CONSTANT      00000003              3
Z                                 CONSTANT      00000002              2
_CONFIG                           CONSTANT      00002007           8199
_CP_OFF                           CONSTANT      00003FFF          16383
_CP_ON                            CONSTANT      0000000F             15
_FOSC_EXTRC                       CONSTANT      00003FFF          16383
_FOSC_HS                          CONSTANT      00003FFE          16382
_FOSC_LP                          CONSTANT      00003FFC          16380
_FOSC_XT                          CONSTANT      00003FFD          16381
_HS_OSC                           CONSTANT      00003FFE          16382
_IDLOC0                           CONSTANT      00002000           8192
_IDLOC1                           CONSTANT      00002001           8193
_IDLOC2                           CONSTANT      00002002           8194
_IDLOC3                           CONSTANT      00002003           8195
_LP_OSC                           CONSTANT      00003FFC          16380
_PWRTE_OFF                        CONSTANT      00003FFF          16383
_PWRTE_ON                         CONSTANT      00003FF7          16375
_RC_OSC                           CONSTANT      00003FFF          16383
_WDTE_OFF                         CONSTANT      00003FFB          16379
_WDTE_ON                          CONSTANT      00003FFF          16383
_WDT_OFF                          CONSTANT      00003FFB          16379
_WDT_ON                           CONSTANT      00003FFF          16383
_XT_OSC                           CONSTANT      00003FFD          16381
__14_BIT                          CONSTANT      00000001              1
gpasm-1.5.2 #1325 (Feb 11 2022)     blink.asm   06/18/22  19:50:25          PAGE  5


SYMBOL TABLE
  LABEL                              TYPE        VALUE         VALUE          VALUE
                                                 (hex)         (dec)          (text)

__16F84                           CONSTANT      00000001              1
__ACTIVE_BANK_ADDR                VARIABLE      FFFFFFFF             -1
__ACTIVE_PAGE_ADDR                VARIABLE      FFFFFFFF             -1
__ASSUMED_BANK_ADDR               VARIABLE      FFFFFFFF             -1
__BANK_0                          CONSTANT      00000000              0
__BANK_1                          CONSTANT      00000080            128
__BANK_BITS                       CONSTANT      00000080            128
__BANK_FIRST                      CONSTANT      00000000              0
__BANK_INV                        CONSTANT      FFFFFFFF             -1
__BANK_LAST                       CONSTANT      00000080            128
__BANK_MASK                       CONSTANT      0000007F            127
__BANK_SHIFT                      CONSTANT      00000007              7
__BANK_SIZE                       CONSTANT      00000080            128
__CODE_END                        CONSTANT      000003FF           1023
__CODE_START                      CONSTANT      00000000              0
__COMMON_RAM_END                  CONSTANT      0000004F             79
__COMMON_RAM_START                CONSTANT      0000000C             12
__CONFIG_END                      CONSTANT      00002007           8199
__CONFIG_START                    CONSTANT      00002007           8199
__EEPROM_END                      CONSTANT      0000213F           8511
__EEPROM_START                    CONSTANT      00002100           8448
__GPUTILS_SVN_VERSION             CONSTANT      0000052D           1325
__GPUTILS_VERSION_MAJOR           CONSTANT      00000001              1
__GPUTILS_VERSION_MICRO           CONSTANT      00000002              2
__GPUTILS_VERSION_MINOR           CONSTANT      00000005              5
__IDLOCS_END                      CONSTANT      00002003           8195
__IDLOCS_START                    CONSTANT      00002000           8192
__NUM_BANKS                       CONSTANT      00000002              2
__NUM_PAGES                       CONSTANT      00000001              1
__PAGE_0                          CONSTANT      00000000              0
__PAGE_BITS                       CONSTANT      00001800           6144
__PAGE_FIRST                      CONSTANT      00000000              0
__PAGE_INV                        CONSTANT      FFFFFFFF             -1
__PAGE_LAST                       CONSTANT      00000000              0
__PAGE_MASK                       CONSTANT      000007FF           2047
__PAGE_SHIFT                      CONSTANT      0000000B             11
__PAGE_SIZE                       CONSTANT      00000800           2048
__VECTOR_INT                      CONSTANT      00000004              4
__VECTOR_RESET                    CONSTANT      00000000              0
__WHILE_LOOP_COUNT_MAX            CONSTANT      000000FF            255


MEMORY USAGE MAP ('X' = Used,  '-' = Unused)

0000 : XXXXXXXXXXXXXXXX XXXXXXXXXXX----- ---------------- ----------------
2000 : -------X-------- ---------------- ---------------- ----------------

All other memory blocks unused.

Program Memory Words Used:    27
Program Memory Words Free:   997


gpasm-1.5.2 #1325 (Feb 11 2022)     blink.asm   06/18/22  19:50:25          PAGE  6




Errors   :     0
Warnings :     1 reported,     0 suppressed
Messages :     1 reported,     0 suppressed

